{
  "name": "event-sourced-connector",
  "config": {
    "connector.class": "io.debezium.connector.postgresql.PostgresConnector",
    "tasks.max": "1",
    "plugin.name": "wal2json",
    "database.hostname": "mutable",
    "database.port": "5432",
    "database.user": "postgresuser",
    "database.password": "postgrespassword",
    "database.dbname": "mutable",
    "database.server.name": "mutable",
    "table.whitelist": "public.event",
    "snapshot.mode": "always",
    "transforms": "route",
    "transforms.route.type": "org.apache.kafka.connect.transforms.RegexRouter",
    "transforms.route.regex": "([^.]+)\\.([^.]+)\\.([^.]+)",
    "transforms.route.replacement": "$3",
    "key.converter": "org.apache.kafka.connect.json.JsonConverter",
    "key.converter.schemas.enable": "false",
    "value.converter": "org.apache.kafka.connect.json.JsonConverter",
    "value.converter.schemas.enable": "false",
    "include.schema.changes": "false",
    "tombstones.on.delete": "false",
    "slot.drop.on.stop": "true"
  }
}

